<html>
<body>
<pre>
<h1>µVision Build Log</h1>
<h2>Tool Versions:</h2>
IDE-Version: µVision V5.17.0.0
Copyright (C) 2015 ARM Ltd and ARM Germany GmbH. All rights reserved.
License Information: Nguyen Tuong, Cat, LIC=GMZI6-DKF7S-QDUKD-8VK7R-KADNR-G1DXY
 
Tool Versions:
Toolchain:       MDK-ARM Standard  Version: 5.17
Toolchain Path:  C:\Keil_v5\ARM\ARMCC\Bin
C Compiler:      Armcc.exe V5.06 update 1 (build 61)
Assembler:       Armasm.exe V5.06 update 1 (build 61)
Linker/Locator:  ArmLink.exe V5.06 update 1 (build 61)
Library Manager: ArmAr.exe V5.06 update 1 (build 61)
Hex Converter:   FromElf.exe V5.06 update 1 (build 61)
CPU DLL:         SARMCM3.DLL V5.17
Dialog DLL:      DCM.DLL V1.13.4.0
Target DLL:      STLink\ST-LINKIII-KEIL_SWO.dll V2.0.18.0
Dialog DLL:      TCM.DLL V1.14.6.0
 
<h2>Project:</h2>
E:\2022TAILIEUHOCTAP\LAP_TRINH\LAP_TRINH_NHUNG\STM32F4\ARM_ROBOT\MDK-ARM\ARM_ROBOT.uvprojx
Project File Date:  11/23/2022

<h2>Output:</h2>
*** Using Compiler 'V5.06 update 1 (build 61)', folder: 'C:\Keil_v5\ARM\ARMCC\Bin'
Build target 'ARM_ROBOT'
compiling main.c...
../Core/Inc/PORT.h(15): warning:  #1-D: last line of file ends without a newline
  #endif
../Core/Src/main.c(76): warning:  #177-D: variable "current_TYPE" was declared but never referenced
  static System_TYPE current_TYPE = OFF; 
../Core/Src/main.c: 2 warnings, 0 errors
linking...
Program Size: Code=7404 RO-data=440 RW-data=32 ZI-data=1408  
FromELF: creating hex file...
"ARM_ROBOT\ARM_ROBOT.axf" - 0 Error(s), 2 Warning(s).

<h2>Software Packages used:</h2>

Package Vendor: ARM
                http://www.keil.com/pack/ARM.CMSIS.4.5.0.pack
                ARM::CMSIS:CORE:4.3.0
                CMSIS (Cortex Microcontroller Software Interface Standard)
   * Component: CORE Version: 4.3.0

<h2>Collection of Component include folders:</h2>
  E:\2022TAILIEUHOCTAP\LAP_TRINH\LAP_TRINH_NHUNG\STM32F4\ARM_ROBOT\MDK-ARM\RTE
  C:\Keil_v5\ARM\PACK\ARM\CMSIS\4.5.0\CMSIS\Include
  C:\Keil_v5\ARM\PACK\Keil\STM32F4xx_DFP\2.14.0\Drivers\CMSIS\Device\ST\STM32F4xx\Include

<h2>Collection of Component Files used:</h2>

   * Component: ARM::CMSIS:CORE:4.3.0
Build Time Elapsed:  00:00:04
</pre>
</body>
</html>
